
> nextjs_tailwind_shadcn_ts@0.1.0 build
> next build && cp -r .next/static .next/standalone/.next/ && cp -r public .next/standalone/

   Γû▓ Next.js 15.3.5

   Creating an optimized production build ...
 Γ£ô (serwist) Bundling the service worker script with the URL '/sw.js' and the scope '/'...
npm : Failed to 
compile.
At line:1 char:1
+ npm run build > 
build_error.log 2>&1
+ ~~~~~~~~~~~~~~~~~~~~
~~~~~~~~~~~~~~~~
    + CategoryInfo    
          : NotSpeci  
  fied: (Failed to    
 compile.:String)     
[], RemoteExcepti    
on
    + FullyQualifiedE 
   rrorId : NativeCo  
  mmandError
 

Can't find 
self.__SW_MANIFEST in 
your SW source.


> Build failed 
because of webpack 
errors
