.next/types/validator.ts(99,31): error TS2344: Type 'typeof import("C:/Users/peter/OneDrive/Desktop/Michiel Jewllery shop/Jewelry-Shop-main/src/app/api/products/[id]/route")' does not satisfy the constraint 'RouteHandlerConfig<"/api/products/[id]">'.
  Types of property 'GET' are incompatible.
    Type '(_request: NextRequest, { params }: { params: { id: string; }; }) => Promise<NextResponse<unknown>>' is not assignable to type '(request: NextRequest, context: { params: Promise<{ id: string; }>; }) => void | Response | Promise<void | Response>'.
      Types of parameters '__1' and 'context' are incompatible.
        Type '{ params: Promise<{ id: string; }>; }' is not assignable to type '{ params: { id: string; }; }'.
          Types of property 'params' are incompatible.
            Property 'id' is missing in type 'Promise<{ id: string; }>' but required in type '{ id: string; }'.
examples/websocket/frontend.tsx(4,20): error TS2307: Cannot find module 'socket.io-client' or its corresponding type declarations.
examples/websocket/server.ts(2,24): error TS2307: Cannot find module 'socket.io' or its corresponding type declarations.
index.tsx(6,8): error TS2307: Cannot find module 'react-native' or its corresponding type declarations.
index.tsx(7,32): error TS2307: Cannot find module 'expo-linear-gradient' or its corresponding type declarations.
index.tsx(8,23): error TS2307: Cannot find module 'expo-image' or its corresponding type declarations.
index.tsx(9,24): error TS2307: Cannot find module 'expo-router' or its corresponding type declarations.
index.tsx(10,35): error TS2307: Cannot find module 'react-native-safe-area-context' or its corresponding type declarations.
index.tsx(15,8): error TS2307: Cannot find module 'react-native-reanimated' or its corresponding type declarations.
index.tsx(17,29): error TS2307: Cannot find module '@/hooks/useProducts' or its corresponding type declarations.
index.tsx(18,30): error TS2307: Cannot find module '@/hooks/useGoldPrice' or its corresponding type declarations.
index.tsx(21,8): error TS2307: Cannot find module '@/constants/theme' or its corresponding type declarations.
index.tsx(22,35): error TS2307: Cannot find module '@/components/AmbientBackground' or its corresponding type declarations.
index.tsx(23,27): error TS2307: Cannot find module '@/components/GlassCard' or its corresponding type declarations.
index.tsx(27,8): error TS2307: Cannot find module '@/types' or its corresponding type declarations.
index.tsx(28,26): error TS2307: Cannot find module '@/services/api' or its corresponding type declarations.
michiel-jewelry-app/app/(tabs)/_layout.tsx(10,24): error TS2307: Cannot find module '@/constants/theme' or its corresponding type declarations.
michiel-jewelry-app/app/(tabs)/_layout.tsx(11,29): error TS2307: Cannot find module '@/utils/haptics' or its corresponding type declarations.
michiel-jewelry-app/app/(tabs)/catalog.tsx(13,45): error TS2307: Cannot find module '@/hooks/useProducts' or its corresponding type declarations.
michiel-jewelry-app/app/(tabs)/catalog.tsx(14,59): error TS2307: Cannot find module '@/constants/theme' or its corresponding type declarations.
michiel-jewelry-app/app/(tabs)/catalog.tsx(15,75): error TS2307: Cannot find module '@/types' or its corresponding type declarations.
michiel-jewelry-app/app/(tabs)/catalog.tsx(16,35): error TS2307: Cannot find module '@/components/AmbientBackground' or its corresponding type declarations.
michiel-jewelry-app/app/(tabs)/catalog.tsx(17,29): error TS2307: Cannot find module '@/components/ProductCard' or its corresponding type declarations.
michiel-jewelry-app/app/(tabs)/catalog.tsx(18,30): error TS2307: Cannot find module '@/components/SkeletonCard' or its corresponding type declarations.
michiel-jewelry-app/app/(tabs)/catalog.tsx(19,46): error TS2307: Cannot find module '@/utils/haptics' or its corresponding type declarations.
michiel-jewelry-app/app/(tabs)/gold-prices.tsx(15,30): error TS2307: Cannot find module '@/hooks/useGoldPrice' or its corresponding type declarations.
michiel-jewelry-app/app/(tabs)/gold-prices.tsx(16,59): error TS2307: Cannot find module '@/constants/theme' or its corresponding type declarations.
michiel-jewelry-app/app/(tabs)/gold-prices.tsx(17,35): error TS2307: Cannot find module '@/components/AmbientBackground' or its corresponding type declarations.
michiel-jewelry-app/app/(tabs)/gold-prices.tsx(18,27): error TS2307: Cannot find module '@/components/GlassCard' or its corresponding type declarations.
michiel-jewelry-app/app/(tabs)/index.tsx(17,29): error TS2307: Cannot find module '@/hooks/useProducts' or its corresponding type declarations.
michiel-jewelry-app/app/(tabs)/index.tsx(18,30): error TS2307: Cannot find module '@/hooks/useGoldPrice' or its corresponding type declarations.
michiel-jewelry-app/app/(tabs)/index.tsx(21,8): error TS2307: Cannot find module '@/constants/theme' or its corresponding type declarations.
michiel-jewelry-app/app/(tabs)/index.tsx(22,35): error TS2307: Cannot find module '@/components/AmbientBackground' or its corresponding type declarations.
michiel-jewelry-app/app/(tabs)/index.tsx(23,30): error TS2307: Cannot find module '@/components/SkeletonCard' or its corresponding type declarations.
michiel-jewelry-app/app/(tabs)/index.tsx(24,27): error TS2307: Cannot find module '@/components/GlassCard' or its corresponding type declarations.
michiel-jewelry-app/app/(tabs)/index.tsx(28,8): error TS2307: Cannot find module '@/types' or its corresponding type declarations.
michiel-jewelry-app/app/(tabs)/index.tsx(29,26): error TS2307: Cannot find module '@/services/api' or its corresponding type declarations.
michiel-jewelry-app/app/(tabs)/index.tsx(30,29): error TS2307: Cannot find module '@/utils/haptics' or its corresponding type declarations.
michiel-jewelry-app/app/(tabs)/store.tsx(14,35): error TS2307: Cannot find module '@/components/AmbientBackground' or its corresponding type declarations.
michiel-jewelry-app/app/(tabs)/store.tsx(15,27): error TS2307: Cannot find module '@/components/GlassCard' or its corresponding type declarations.
michiel-jewelry-app/app/(tabs)/store.tsx(16,59): error TS2307: Cannot find module '@/constants/theme' or its corresponding type declarations.
michiel-jewelry-app/app/(tabs)/store.tsx(17,43): error TS2307: Cannot find module '@/utils/haptics' or its corresponding type declarations.
michiel-jewelry-app/app/+not-found.tsx(5,51): error TS2307: Cannot find module '@/constants/theme' or its corresponding type declarations.
michiel-jewelry-app/app/modal.tsx(4,28): error TS2307: Cannot find module '@/components/EditScreenInfo' or its corresponding type declarations.
michiel-jewelry-app/app/modal.tsx(5,28): error TS2307: Cannot find module '@/components/Themed' or its corresponding type declarations.
michiel-jewelry-app/app/product/[id].tsx(18,30): error TS2307: Cannot find module '@/hooks/useGoldPrice' or its corresponding type declarations.
michiel-jewelry-app/app/product/[id].tsx(20,58): error TS2307: Cannot find module '@/utils/haptics' or its corresponding type declarations.
michiel-jewelry-app/app/product/[id].tsx(21,31): error TS2307: Cannot find module '@/services/api' or its corresponding type declarations.
michiel-jewelry-app/app/product/[id].tsx(22,87): error TS2307: Cannot find module '@/constants/theme' or its corresponding type declarations.
michiel-jewelry-app/app/product/[id].tsx(26,8): error TS2307: Cannot find module '@/types' or its corresponding type declarations.
michiel-jewelry-app/app/product/[id].tsx(27,35): error TS2307: Cannot find module '@/constants/localImages' or its corresponding type declarations.
michiel-jewelry-app/app/product/[id].tsx(28,62): error TS2307: Cannot find module '@/constants/contact' or its corresponding type declarations.
michiel-jewelry-app/app/product/[id].tsx(29,35): error TS2307: Cannot find module '@/components/AmbientBackground' or its corresponding type declarations.
michiel-jewelry-app/app/product/[id].tsx(30,27): error TS2307: Cannot find module '@/components/GlassCard' or its corresponding type declarations.
michiel-jewelry-app/app/wishlist.tsx(16,32): error TS2307: Cannot find module '@/components/WishlistButton' or its corresponding type declarations.
michiel-jewelry-app/app/wishlist.tsx(17,72): error TS2307: Cannot find module '@/constants/theme' or its corresponding type declarations.
michiel-jewelry-app/app/wishlist.tsx(18,54): error TS2307: Cannot find module '@/types' or its corresponding type declarations.
michiel-jewelry-app/app/wishlist.tsx(19,26): error TS2307: Cannot find module '@/services/api' or its corresponding type declarations.
michiel-jewelry-app/app/wishlist.tsx(20,30): error TS2307: Cannot find module '@/types' or its corresponding type declarations.
michiel-jewelry-app/components/AmbientBackground.tsx(8,24): error TS2307: Cannot find module '@/constants/theme' or its corresponding type declarations.
michiel-jewelry-app/components/EditScreenInfo.tsx(2,24): error TS2307: Cannot find module '@/constants/theme' or its corresponding type declarations.
michiel-jewelry-app/components/GlassCard.tsx(5,40): error TS2307: Cannot find module '@/constants/theme' or its corresponding type declarations.
michiel-jewelry-app/components/ProductCard.tsx(12,72): error TS2307: Cannot find module '@/constants/theme' or its corresponding type declarations.
michiel-jewelry-app/components/ProductCard.tsx(16,8): error TS2307: Cannot find module '@/types' or its corresponding type declarations.
michiel-jewelry-app/components/ProductCard.tsx(17,26): error TS2307: Cannot find module '@/services/api' or its corresponding type declarations.
michiel-jewelry-app/components/ProductCard.tsx(18,44): error TS2307: Cannot find module '@/utils/haptics' or its corresponding type declarations.
michiel-jewelry-app/components/SkeletonCard.tsx(8,41): error TS2307: Cannot find module '@/constants/theme' or its corresponding type declarations.
michiel-jewelry-app/components/Themed.tsx(9,24): error TS2307: Cannot find module '@/constants/theme' or its corresponding type declarations.
michiel-jewelry-app/components/WishlistButton.tsx(9,32): error TS2307: Cannot find module '@/constants/theme' or its corresponding type declarations.
michiel-jewelry-app/components/WishlistButton.tsx(10,30): error TS2307: Cannot find module '@/types' or its corresponding type declarations.
michiel-jewelry-app/constants/localImages.ts(24,34): error TS2307: Cannot find module '@/types' or its corresponding type declarations.
michiel-jewelry-app/context/WishlistContext.tsx(4,30): error TS2307: Cannot find module '@/types' or its corresponding type declarations.
michiel-jewelry-app/hooks/useGoldPrice.ts(4,21): error TS2307: Cannot find module '@/services/api' or its corresponding type declarations.
michiel-jewelry-app/hooks/useGoldPrice.ts(5,32): error TS2307: Cannot find module '@/types' or its corresponding type declarations.
michiel-jewelry-app/hooks/useProducts.ts(3,21): error TS2307: Cannot find module '@/services/api' or its corresponding type declarations.
michiel-jewelry-app/hooks/useProducts.ts(4,43): error TS2307: Cannot find module '@/types' or its corresponding type declarations.
michiel-jewelry-app/hooks/useWishlist.ts(4,30): error TS2307: Cannot find module '@/types' or its corresponding type declarations.
michiel-jewelry-app/services/api.ts(3,41): error TS2307: Cannot find module '@/types' or its corresponding type declarations.
seed.spec.ts(1,30): error TS2307: Cannot find module '@playwright/test' or its corresponding type declarations.
src/app/page-old.tsx(525,30): error TS2339: Property 'weight' does not exist on type 'Product'.
src/app/page-old.tsx(527,41): error TS2339: Property 'weight' does not exist on type 'Product'.
src/app/page-old.tsx(681,72): error TS2339: Property 'weight' does not exist on type 'Product'.
